
  .   ____          _            __ _ _
 /\\ / ___'_ __ _ _(_)_ __  __ _ \ \ \ \
( ( )\___ | '_ | '_| | '_ \/ _` | \ \ \ \
 \\/  ___)| |_)| | | | | || (_| |  ) ) ) )
  '  |____| .__|_| |_|_| |_\__, | / / / /
 =========|_|==============|___/=/_/_/_/
 :: Spring Boot ::               (v2.6.13)

2026-08-31 09:53:28.846  INFO 40900 --- [           main] mybatis.iem.em.ShmEmApplication          : Starting ShmEmApplication using Java 1.8.0_482 on LJA with PID 40900 (D:\SpringBoot_Mybatis\SHM-PIT\SHM_EM_SOFTX_REVISION\src\backend\target\SHM-EM-1.0.0.jar started by nlfdz in C:\Users\nlfdz\AppData\Local\Temp\shm-em-phase2a-yc5zjrym\fresh-s1-gate-first)
2026-08-31 09:53:28.851  INFO 40900 --- [           main] mybatis.iem.em.ShmEmApplication          : The following 1 profile is active: "reproduce"
2026-08-31 09:53:31.415  INFO 40900 --- [           main] o.s.b.w.embedded.tomcat.TomcatWebServer  : Tomcat initialized with port(s): 5264 (http)
2026-08-31 09:53:31.428  INFO 40900 --- [           main] o.apache.catalina.core.StandardService   : Starting service [Tomcat]
2026-08-31 09:53:31.428  INFO 40900 --- [           main] org.apache.catalina.core.StandardEngine  : Starting Servlet engine: [Apache Tomcat/9.0.68]
2026-08-31 09:53:31.594  INFO 40900 --- [           main] o.a.c.c.C.[Tomcat].[localhost].[/]       : Initializing Spring embedded WebApplicationContext
2026-08-31 09:53:31.594  INFO 40900 --- [           main] w.s.c.ServletWebServerApplicationContext : Root WebApplicationContext: initialization completed in 2667 ms
2026-08-31 09:53:31.778  INFO 40900 --- [           main] c.a.d.s.b.a.DruidDataSourceAutoConfigure : Init DruidDataSource
2026-08-31 09:53:32.169  INFO 40900 --- [           main] com.alibaba.druid.pool.DruidDataSource   : {dataSource-1} inited
2026-08-31 09:53:34.255  INFO 40900 --- [           main] o.s.b.w.embedded.tomcat.TomcatWebServer  : Tomcat started on port(s): 5264 (http) with context path ''
2026-08-31 09:53:34.279  INFO 40900 --- [           main] mybatis.iem.em.ShmEmApplication          : Started ShmEmApplication in 6.035 seconds (JVM running for 6.643)
2026-08-31 09:53:34.792  INFO 40900 --- [nio-5264-exec-1] o.a.c.c.C.[Tomcat].[localhost].[/]       : Initializing Spring DispatcherServlet 'dispatcherServlet'
2026-08-31 09:53:34.792  INFO 40900 --- [nio-5264-exec-1] o.s.web.servlet.DispatcherServlet        : Initializing Servlet 'dispatcherServlet'
2026-08-31 09:53:34.793  INFO 40900 --- [nio-5264-exec-1] o.s.web.servlet.DispatcherServlet        : Completed initialization in 1 ms
