
  .   ____          _            __ _ _
 /\\ / ___'_ __ _ _(_)_ __  __ _ \ \ \ \
( ( )\___ | '_ | '_| | '_ \/ _` | \ \ \ \
 \\/  ___)| |_)| | | | | || (_| |  ) ) ) )
  '  |____| .__|_| |_|_| |_\__, | / / / /
 =========|_|==============|___/=/_/_/_/
 :: Spring Boot ::               (v2.6.13)

2026-08-31 09:53:14.908  INFO 36240 --- [           main] mybatis.iem.em.ShmEmApplication          : Starting ShmEmApplication using Java 1.8.0_482 on LJA with PID 36240 (D:\SpringBoot_Mybatis\SHM-PIT\SHM_EM_SOFTX_REVISION\src\backend\target\SHM-EM-1.0.0.jar started by nlfdz in C:\Users\nlfdz\AppData\Local\Temp\shm-em-phase2a-yc5zjrym\fresh-reference-full-series-first)
2026-08-31 09:53:14.912  INFO 36240 --- [           main] mybatis.iem.em.ShmEmApplication          : The following 1 profile is active: "reproduce"
2026-08-31 09:53:17.382  INFO 36240 --- [           main] o.s.b.w.embedded.tomcat.TomcatWebServer  : Tomcat initialized with port(s): 5261 (http)
2026-08-31 09:53:17.393  INFO 36240 --- [           main] o.apache.catalina.core.StandardService   : Starting service [Tomcat]
2026-08-31 09:53:17.394  INFO 36240 --- [           main] org.apache.catalina.core.StandardEngine  : Starting Servlet engine: [Apache Tomcat/9.0.68]
2026-08-31 09:53:17.557  INFO 36240 --- [           main] o.a.c.c.C.[Tomcat].[localhost].[/]       : Initializing Spring embedded WebApplicationContext
2026-08-31 09:53:17.557  INFO 36240 --- [           main] w.s.c.ServletWebServerApplicationContext : Root WebApplicationContext: initialization completed in 2578 ms
2026-08-31 09:53:17.736  INFO 36240 --- [           main] c.a.d.s.b.a.DruidDataSourceAutoConfigure : Init DruidDataSource
2026-08-31 09:53:18.142  INFO 36240 --- [           main] com.alibaba.druid.pool.DruidDataSource   : {dataSource-1} inited
2026-08-31 09:53:20.104  INFO 36240 --- [           main] o.s.b.w.embedded.tomcat.TomcatWebServer  : Tomcat started on port(s): 5261 (http) with context path ''
2026-08-31 09:53:20.130  INFO 36240 --- [           main] mybatis.iem.em.ShmEmApplication          : Started ShmEmApplication in 5.867 seconds (JVM running for 6.519)
2026-08-31 09:53:20.225  INFO 36240 --- [nio-5261-exec-1] o.a.c.c.C.[Tomcat].[localhost].[/]       : Initializing Spring DispatcherServlet 'dispatcherServlet'
2026-08-31 09:53:20.225  INFO 36240 --- [nio-5261-exec-1] o.s.web.servlet.DispatcherServlet        : Initializing Servlet 'dispatcherServlet'
2026-08-31 09:53:20.227  INFO 36240 --- [nio-5261-exec-1] o.s.web.servlet.DispatcherServlet        : Completed initialization in 2 ms
