
  .   ____          _            __ _ _
 /\\ / ___'_ __ _ _(_)_ __  __ _ \ \ \ \
( ( )\___ | '_ | '_| | '_ \/ _` | \ \ \ \
 \\/  ___)| |_)| | | | | || (_| |  ) ) ) )
  '  |____| .__|_| |_|_| |_\__, | / / / /
 =========|_|==============|___/=/_/_/_/
 :: Spring Boot ::               (v2.6.13)

2026-08-31 09:59:44.991  INFO 44840 --- [           main] mybatis.iem.em.ShmEmApplication          : Starting ShmEmApplication using Java 1.8.0_482 on LJA with PID 44840 (D:\SpringBoot_Mybatis\SHM-PIT\SHM_EM_SOFTX_REVISION\src\backend\target\SHM-EM-1.0.0.jar started by nlfdz in C:\Users\nlfdz\AppData\Local\Temp\shm-em-phase2a-6v2xedw5\sweep-744)
2026-08-31 09:59:44.997  INFO 44840 --- [           main] mybatis.iem.em.ShmEmApplication          : The following 1 profile is active: "reproduce"
2026-08-31 09:59:47.893  INFO 44840 --- [           main] o.s.b.w.embedded.tomcat.TomcatWebServer  : Tomcat initialized with port(s): 5303 (http)
2026-08-31 09:59:47.906  INFO 44840 --- [           main] o.apache.catalina.core.StandardService   : Starting service [Tomcat]
2026-08-31 09:59:47.907  INFO 44840 --- [           main] org.apache.catalina.core.StandardEngine  : Starting Servlet engine: [Apache Tomcat/9.0.68]
2026-08-31 09:59:48.086  INFO 44840 --- [           main] o.a.c.c.C.[Tomcat].[localhost].[/]       : Initializing Spring embedded WebApplicationContext
2026-08-31 09:59:48.087  INFO 44840 --- [           main] w.s.c.ServletWebServerApplicationContext : Root WebApplicationContext: initialization completed in 3019 ms
2026-08-31 09:59:48.314  INFO 44840 --- [           main] c.a.d.s.b.a.DruidDataSourceAutoConfigure : Init DruidDataSource
2026-08-31 09:59:48.729  INFO 44840 --- [           main] com.alibaba.druid.pool.DruidDataSource   : {dataSource-1} inited
2026-08-31 09:59:50.862  INFO 44840 --- [           main] o.s.b.w.embedded.tomcat.TomcatWebServer  : Tomcat started on port(s): 5303 (http) with context path ''
2026-08-31 09:59:50.884  INFO 44840 --- [           main] mybatis.iem.em.ShmEmApplication          : Started ShmEmApplication in 6.54 seconds (JVM running for 7.248)
2026-08-31 09:59:51.241  INFO 44840 --- [nio-5303-exec-1] o.a.c.c.C.[Tomcat].[localhost].[/]       : Initializing Spring DispatcherServlet 'dispatcherServlet'
2026-08-31 09:59:51.241  INFO 44840 --- [nio-5303-exec-1] o.s.web.servlet.DispatcherServlet        : Initializing Servlet 'dispatcherServlet'
2026-08-31 09:59:51.243  INFO 44840 --- [nio-5303-exec-1] o.s.web.servlet.DispatcherServlet        : Completed initialization in 2 ms
