
  .   ____          _            __ _ _
 /\\ / ___'_ __ _ _(_)_ __  __ _ \ \ \ \
( ( )\___ | '_ | '_| | '_ \/ _` | \ \ \ \
 \\/  ___)| |_)| | | | | || (_| |  ) ) ) )
  '  |____| .__|_| |_|_| |_\__, | / / / /
 =========|_|==============|___/=/_/_/_/
 :: Spring Boot ::               (v2.6.13)

2026-08-31 09:33:45.642  INFO 36524 --- [           main] mybatis.iem.em.ShmEmApplication          : Starting ShmEmApplication using Java 1.8.0_482 on LJA with PID 36524 (D:\SpringBoot_Mybatis\SHM-PIT\SHM_EM_SOFTX_REVISION\src\backend\target\SHM-EM-1.0.0.jar started by nlfdz in C:\Users\nlfdz\AppData\Local\Temp\shm-em-phase2a-pwy2qwsq\D03-36-full-series-then-gate)
2026-08-31 09:33:45.649  INFO 36524 --- [           main] mybatis.iem.em.ShmEmApplication          : The following 1 profile is active: "reproduce"
2026-08-31 09:33:49.488  INFO 36524 --- [           main] o.s.b.w.embedded.tomcat.TomcatWebServer  : Tomcat initialized with port(s): 5221 (http)
2026-08-31 09:33:49.508  INFO 36524 --- [           main] o.apache.catalina.core.StandardService   : Starting service [Tomcat]
2026-08-31 09:33:49.508  INFO 36524 --- [           main] org.apache.catalina.core.StandardEngine  : Starting Servlet engine: [Apache Tomcat/9.0.68]
2026-08-31 09:33:49.710  INFO 36524 --- [           main] o.a.c.c.C.[Tomcat].[localhost].[/]       : Initializing Spring embedded WebApplicationContext
2026-08-31 09:33:49.711  INFO 36524 --- [           main] w.s.c.ServletWebServerApplicationContext : Root WebApplicationContext: initialization completed in 3984 ms
2026-08-31 09:33:49.936  INFO 36524 --- [           main] c.a.d.s.b.a.DruidDataSourceAutoConfigure : Init DruidDataSource
2026-08-31 09:33:50.371  INFO 36524 --- [           main] com.alibaba.druid.pool.DruidDataSource   : {dataSource-1} inited
2026-08-31 09:33:52.698  INFO 36524 --- [           main] o.s.b.w.embedded.tomcat.TomcatWebServer  : Tomcat started on port(s): 5221 (http) with context path ''
2026-08-31 09:33:52.727  INFO 36524 --- [           main] mybatis.iem.em.ShmEmApplication          : Started ShmEmApplication in 7.688 seconds (JVM running for 8.306)
2026-08-31 09:33:53.089  INFO 36524 --- [nio-5221-exec-1] o.a.c.c.C.[Tomcat].[localhost].[/]       : Initializing Spring DispatcherServlet 'dispatcherServlet'
2026-08-31 09:33:53.091  INFO 36524 --- [nio-5221-exec-1] o.s.web.servlet.DispatcherServlet        : Initializing Servlet 'dispatcherServlet'
2026-08-31 09:33:53.092  INFO 36524 --- [nio-5221-exec-1] o.s.web.servlet.DispatcherServlet        : Completed initialization in 1 ms
