
  .   ____          _            __ _ _
 /\\ / ___'_ __ _ _(_)_ __  __ _ \ \ \ \
( ( )\___ | '_ | '_| | '_ \/ _` | \ \ \ \
 \\/  ___)| |_)| | | | | || (_| |  ) ) ) )
  '  |____| .__|_| |_|_| |_\__, | / / / /
 =========|_|==============|___/=/_/_/_/
 :: Spring Boot ::               (v2.6.13)

2026-08-31 10:03:35.774  INFO 13588 --- [           main] mybatis.iem.em.ShmEmApplication          : Starting ShmEmApplication using Java 1.8.0_482 on LJA with PID 13588 (D:\SpringBoot_Mybatis\SHM-PIT\SHM_EM_SOFTX_REVISION\src\backend\target\SHM-EM-1.0.0.jar started by nlfdz in C:\Users\nlfdz\AppData\Local\Temp\shm-em-phase2a-6v2xedw5\sweep-1240)
2026-08-31 10:03:35.778  INFO 13588 --- [           main] mybatis.iem.em.ShmEmApplication          : The following 1 profile is active: "reproduce"
2026-08-31 10:03:38.420  INFO 13588 --- [           main] o.s.b.w.embedded.tomcat.TomcatWebServer  : Tomcat initialized with port(s): 5305 (http)
2026-08-31 10:03:38.433  INFO 13588 --- [           main] o.apache.catalina.core.StandardService   : Starting service [Tomcat]
2026-08-31 10:03:38.433  INFO 13588 --- [           main] org.apache.catalina.core.StandardEngine  : Starting Servlet engine: [Apache Tomcat/9.0.68]
2026-08-31 10:03:38.610  INFO 13588 --- [           main] o.a.c.c.C.[Tomcat].[localhost].[/]       : Initializing Spring embedded WebApplicationContext
2026-08-31 10:03:38.611  INFO 13588 --- [           main] w.s.c.ServletWebServerApplicationContext : Root WebApplicationContext: initialization completed in 2760 ms
2026-08-31 10:03:38.847  INFO 13588 --- [           main] c.a.d.s.b.a.DruidDataSourceAutoConfigure : Init DruidDataSource
2026-08-31 10:03:39.350  INFO 13588 --- [           main] com.alibaba.druid.pool.DruidDataSource   : {dataSource-1} inited
2026-08-31 10:03:41.644  INFO 13588 --- [           main] o.s.b.w.embedded.tomcat.TomcatWebServer  : Tomcat started on port(s): 5305 (http) with context path ''
2026-08-31 10:03:41.671  INFO 13588 --- [           main] mybatis.iem.em.ShmEmApplication          : Started ShmEmApplication in 6.478 seconds (JVM running for 7.169)
2026-08-31 10:03:42.114  INFO 13588 --- [nio-5305-exec-1] o.a.c.c.C.[Tomcat].[localhost].[/]       : Initializing Spring DispatcherServlet 'dispatcherServlet'
2026-08-31 10:03:42.115  INFO 13588 --- [nio-5305-exec-1] o.s.web.servlet.DispatcherServlet        : Initializing Servlet 'dispatcherServlet'
2026-08-31 10:03:42.116  INFO 13588 --- [nio-5305-exec-1] o.s.web.servlet.DispatcherServlet        : Completed initialization in 1 ms
