
  .   ____          _            __ _ _
 /\\ / ___'_ __ _ _(_)_ __  __ _ \ \ \ \
( ( )\___ | '_ | '_| | '_ \/ _` | \ \ \ \
 \\/  ___)| |_)| | | | | || (_| |  ) ) ) )
  '  |____| .__|_| |_|_| |_\__, | / / / /
 =========|_|==============|___/=/_/_/_/
 :: Spring Boot ::               (v2.6.13)

2026-08-31 10:01:10.382  INFO 32016 --- [           main] mybatis.iem.em.ShmEmApplication          : Starting ShmEmApplication using Java 1.8.0_482 on LJA with PID 32016 (D:\SpringBoot_Mybatis\SHM-PIT\SHM_EM_SOFTX_REVISION\src\backend\target\SHM-EM-1.0.0.jar started by nlfdz in C:\Users\nlfdz\AppData\Local\Temp\shm-em-phase2a-6v2xedw5\sweep-992)
2026-08-31 10:01:10.388  INFO 32016 --- [           main] mybatis.iem.em.ShmEmApplication          : The following 1 profile is active: "reproduce"
2026-08-31 10:01:13.301  INFO 32016 --- [           main] o.s.b.w.embedded.tomcat.TomcatWebServer  : Tomcat initialized with port(s): 5304 (http)
2026-08-31 10:01:13.315  INFO 32016 --- [           main] o.apache.catalina.core.StandardService   : Starting service [Tomcat]
2026-08-31 10:01:13.316  INFO 32016 --- [           main] org.apache.catalina.core.StandardEngine  : Starting Servlet engine: [Apache Tomcat/9.0.68]
2026-08-31 10:01:13.497  INFO 32016 --- [           main] o.a.c.c.C.[Tomcat].[localhost].[/]       : Initializing Spring embedded WebApplicationContext
2026-08-31 10:01:13.497  INFO 32016 --- [           main] w.s.c.ServletWebServerApplicationContext : Root WebApplicationContext: initialization completed in 3014 ms
2026-08-31 10:01:13.717  INFO 32016 --- [           main] c.a.d.s.b.a.DruidDataSourceAutoConfigure : Init DruidDataSource
2026-08-31 10:01:14.180  INFO 32016 --- [           main] com.alibaba.druid.pool.DruidDataSource   : {dataSource-1} inited
2026-08-31 10:01:16.530  INFO 32016 --- [           main] o.s.b.w.embedded.tomcat.TomcatWebServer  : Tomcat started on port(s): 5304 (http) with context path ''
2026-08-31 10:01:16.567  INFO 32016 --- [           main] mybatis.iem.em.ShmEmApplication          : Started ShmEmApplication in 7.058 seconds (JVM running for 7.745)
2026-08-31 10:01:16.986  INFO 32016 --- [nio-5304-exec-1] o.a.c.c.C.[Tomcat].[localhost].[/]       : Initializing Spring DispatcherServlet 'dispatcherServlet'
2026-08-31 10:01:16.987  INFO 32016 --- [nio-5304-exec-1] o.s.web.servlet.DispatcherServlet        : Initializing Servlet 'dispatcherServlet'
2026-08-31 10:01:16.988  INFO 32016 --- [nio-5304-exec-1] o.s.web.servlet.DispatcherServlet        : Completed initialization in 1 ms
